// Jest Snapshot v1, https://goo.gl/fbAQLP

exports[`Title Component el componente existe 1`] = `ShallowWrapper {}`;
